JDC
22-04-1976,JDC,1,2,3,4,5,6
Date     : 22-04-1976
Code     : JDC
Open     : 1
High     : 2
Low      : 3
Close    : 4
Volume   : 5
AdjClose : 6
